// Jest Snapshot v1, https://goo.gl/fbAQLP

exports[`FormCard should match the snapshot 1`] = `
<View
  style={
    Object {
      "backgroundColor": "green",
      "color": "white",
      "flex": 1,
      "justifyContent": "space-between",
      "marginBottom": 20,
      "width": 300,
    }
  }
>
  <Text
    style={
      Object {
        "alignSelf": "center",
        "color": "white",
        "fontSize": 15,
        "margin": 20,
        "minHeight": 150,
      }
    }
  />
  <View
    style={
      Object {
        "borderBottomColor": "black",
        "borderBottomWidth": 1,
      }
    }
  />
  <Text
    style={
      Object {
        "alignSelf": "center",
        "color": "yellow",
        "fontSize": 15,
        "margin": 20,
      }
    }
  >
    Created at:
  </Text>
</View>
`;
